stm32f4xx_hal_msp.c:59:6:HAL_MspInit	8	static
stm32f4xx_hal_msp.c:88:6:HAL_I2C_MspInit	32	static
stm32f4xx_hal_msp.c:118:6:HAL_I2C_MspDeInit	0	static
stm32f4xx_hal_msp.c:142:6:HAL_SPI_MspInit	32	static
stm32f4xx_hal_msp.c:173:6:HAL_SPI_MspDeInit	0	static
stm32f4xx_hal_msp.c:198:6:HAL_TIM_PWM_MspInit	16	static
stm32f4xx_hal_msp.c:237:6:HAL_TIM_Encoder_MspInit	56	static
stm32f4xx_hal_msp.c:343:6:HAL_TIM_MspPostInit	40	static
stm32f4xx_hal_msp.c:422:6:HAL_TIM_PWM_MspDeInit	0	static
stm32f4xx_hal_msp.c:461:6:HAL_TIM_Encoder_MspDeInit	8	static
